
> clearboot@2.0.0 test
> jest --coverage

node.exe : PASS test/unit/router.test.ts
Au caractère Ligne:1 : 1
+ & "C:\Program Files\nodejs/node.exe" "C:\Program Files\nodejs/node_mo ...
+ ~~~~~~~~~~~~~~~~~~~~~~~~~~~~~~~~~~~~~~~~~~~~~~~~~~~~~~~~~~~~~~~~~~~~~
    + CategoryInfo          : NotSpecified: (PASS test/unit/router.test.ts:Str 
   ing) [], RemoteException
    + FullyQualifiedErrorId : NativeCommandError
 
PASS test/unit/helpers.test.ts
PASS test/unit/cors.test.ts
PASS test/unit/middleware.decorator.test.ts
PASS test/unit/middlewares.test.ts
PASS test/unit/response.test.ts
PASS test/unit/http.test.ts
PASS test/integration/config.test.ts
  ÔùÅ Console

    console.log
      
      ­ƒÜÇ D├®marrage de ClearBoot...

      at ClearBoot.log [as create] (src/lib/core/application.ts:28:17)

    console.log
      
      ­ƒÜÇ D├®marrage de ClearBoot...

      at ClearBoot.log [as create] (src/lib/core/application.ts:28:17)

PASS test/unit/di.test.ts
PASS test/integration/security.test.ts
  ÔùÅ Console

    console.log
      
      ­ƒÜÇ D├®marrage de ClearBoot...

      at ClearBoot.log [as create] (src/lib/core/application.ts:28:17)

    console.log
      ­ƒÄ« [1mSecurityController[0m

      at log (src/lib/core/metadata-scanner.ts:30:21)
          at Array.map (<anonymous>)

    console.log
          Ôö£ÔöÇÔöÇ POST	/security-test 	[90m@BODY[0m

      at log (src/lib/core/metadata-scanner.ts:41:25)
          at Array.map (<anonymous>)
          at Array.map (<anonymous>)

    console.log


      at log (src/lib/core/metadata-scanner.ts:45:21)
          at Array.map (<anonymous>)

PASS test/integration/server.test.ts
  ÔùÅ Console

    console.log
      
      ­ƒÜÇ D├®marrage de ClearBoot...

      at ClearBoot.log [as create] (src/lib/core/application.ts:28:17)

    console.log
      ­ƒÄ« [1mTestController[0m

      at log (src/lib/core/metadata-scanner.ts:30:21)
          at Array.map (<anonymous>)

    console.log
          Ôö£ÔöÇÔöÇ GET	/test/hello 	[90m(Auto-Merge)[0m

      at log (src/lib/core/metadata-scanner.ts:41:25)
          at Array.map (<anonymous>)
          at Array.map (<anonymous>)

    console.log
          Ôö£ÔöÇÔöÇ GET	/test/users/:id(\d+) 	[90m@PARAM[0m

      at log (src/lib/core/metadata-scanner.ts:41:25)
          at Array.map (<anonymous>)
          at Array.map (<anonymous>)

    console.log
          Ôö£ÔöÇÔöÇ POST	/test/create 	[90m@BODY[0m

      at log (src/lib/core/metadata-scanner.ts:41:25)
          at Array.map (<anonymous>)
          at Array.map (<anonymous>)

    console.log
          Ôö£ÔöÇÔöÇ GET	/test/search 	[90m@QUERY[0m

      at log (src/lib/core/metadata-scanner.ts:41:25)
          at Array.map (<anonymous>)
          at Array.map (<anonymous>)

    console.log


      at log (src/lib/core/metadata-scanner.ts:45:21)
          at Array.map (<anonymous>)

    console.log
      ­ƒöÑ Pr├¬t sur port 3000

      at Server.log (src/lib/core/application.ts:47:35)

PASS test/integration/middleware.test.ts (5.066 s)
  ÔùÅ Console

    console.log
      
      ­ƒÜÇ D├®marrage de ClearBoot...

      at ClearBoot.log [as create] (src/lib/core/application.ts:28:17)

    console.log
      ­ƒÄ« [1mMiddlewareController[0m

      at log (src/lib/core/metadata-scanner.ts:30:21)
          at Array.map (<anonymous>)

    console.log
          Ôö£ÔöÇÔöÇ GET	/test-mw/public 	[90m(Auto-Merge)[0m

      at log (src/lib/core/metadata-scanner.ts:41:25)
          at Array.map (<anonymous>)
          at Array.map (<anonymous>)

    console.log
          Ôö£ÔöÇÔöÇ GET	/test-mw/protected 	[90m(Auto-Merge)[0m

      at log (src/lib/core/metadata-scanner.ts:41:25)
          at Array.map (<anonymous>)
          at Array.map (<anonymous>)

    console.log


      at log (src/lib/core/metadata-scanner.ts:45:21)
          at Array.map (<anonymous>)

PASS test/integration/request-params.test.ts (5.102 s)
  ÔùÅ Console

    console.log
      
      ­ƒÜÇ D├®marrage de ClearBoot...

      at ClearBoot.log [as create] (src/lib/core/application.ts:28:17)

    console.log
      ­ƒÄ« [1mParamsController[0m

      at log (src/lib/core/metadata-scanner.ts:30:21)
          at Array.map (<anonymous>)

    console.log
          Ôö£ÔöÇÔöÇ GET	/params/req-test 	[90m@REQ[0m

      at log (src/lib/core/metadata-scanner.ts:41:25)
          at Array.map (<anonymous>)
          at Array.map (<anonymous>)

    console.log
          Ôö£ÔöÇÔöÇ POST	/params/res-test 	[90m@BODY[0m, [90m@RES[0m

      at log (src/lib/core/metadata-scanner.ts:41:25)
          at Array.map (<anonymous>)
          at Array.map (<anonymous>)

    console.log
          Ôö£ÔöÇÔöÇ POST	/params/body-full 	[90m@BODY[0m

      at log (src/lib/core/metadata-scanner.ts:41:25)
          at Array.map (<anonymous>)
          at Array.map (<anonymous>)

    console.log
          Ôö£ÔöÇÔöÇ GET	/params/query-all 	[90m@QUERY[0m

      at log (src/lib/core/metadata-scanner.ts:41:25)
          at Array.map (<anonymous>)
          at Array.map (<anonymous>)

    console.log
          Ôö£ÔöÇÔöÇ GET	/params/users/:id 	[90m@PARAM[0m

      at log (src/lib/core/metadata-scanner.ts:41:25)
          at Array.map (<anonymous>)
          at Array.map (<anonymous>)

    console.log
          Ôö£ÔöÇÔöÇ POST	/params/complex/:id 	[90m@REQ[0m, [90m@BODY[0m, 
[90m@QUERY[0m, [90m@PARAM[0m

      at log (src/lib/core/metadata-scanner.ts:41:25)
          at Array.map (<anonymous>)
          at Array.map (<anonymous>)

    console.log


      at log (src/lib/core/metadata-scanner.ts:45:21)
          at Array.map (<anonymous>)

PASS test/integration/middlewares-integration.test.ts (5.017 s)
  ÔùÅ Console

    console.log
      
      ­ƒÜÇ D├®marrage de ClearBoot...

      at ClearBoot.log [as create] (src/lib/core/application.ts:28:17)

    console.log
      ­ƒÄ« [1mTestController[0m

      at log (src/lib/core/metadata-scanner.ts:30:21)
          at Array.map (<anonymous>)

    console.log
          Ôö£ÔöÇÔöÇ GET	/test/hello 	[90m(Auto-Merge)[0m

      at log (src/lib/core/metadata-scanner.ts:41:25)
          at Array.map (<anonymous>)
          at Array.map (<anonymous>)

    console.log
          Ôö£ÔöÇÔöÇ POST	/test/echo 	[90m(Auto-Merge)[0m

      at log (src/lib/core/metadata-scanner.ts:41:25)
          at Array.map (<anonymous>)
          at Array.map (<anonymous>)

    console.log


      at log (src/lib/core/metadata-scanner.ts:45:21)
          at Array.map (<anonymous>)

PASS test/integration/cors.test.ts (5.089 s)
  ÔùÅ Console

    console.log
      
      ­ƒÜÇ D├®marrage de ClearBoot...

      at ClearBoot.log [as create] (src/lib/core/application.ts:28:17)

    console.log
      ­ƒÄ« [1mTestController[0m

      at log (src/lib/core/metadata-scanner.ts:30:21)
          at Array.map (<anonymous>)

    console.log
          Ôö£ÔöÇÔöÇ GET	/cors-test 	[90m(Auto-Merge)[0m

      at log (src/lib/core/metadata-scanner.ts:41:25)
          at Array.map (<anonymous>)
          at Array.map (<anonymous>)

    console.log


      at log (src/lib/core/metadata-scanner.ts:45:21)
          at Array.map (<anonymous>)

A worker process has failed to exit gracefully and has been force exited. This 
is likely caused by tests leaking due to improper teardown. Try running with 
--detectOpenHandles to find leaks. Active timers can also cause this, ensure 
that .unref() was called on them.
---------------------------|---------|----------|---------|---------|-------------------
File                       | % Stmts | % Branch | % Funcs | % Lines | Uncovered Line #s 
---------------------------|---------|----------|---------|---------|-------------------
All files                  |      92 |    77.55 |   81.48 |   93.33 |                   
 common                    |      84 |       25 |      50 |   83.33 |                   
  exceptions.ts            |   76.47 |        0 |   42.85 |      75 | 19,26,33,40       
  types.ts                 |     100 |      100 |     100 |     100 |                   
 core                      |    96.8 |    80.28 |     100 |   98.18 |                   
  application.ts           |     100 |      100 |     100 |     100 |                   
  metadata-scanner.ts      |     100 |    66.66 |     100 |     100 | 23-33,40          
  request-handler.ts       |   95.29 |    80.76 |     100 |   97.26 | 91,111            
 decorators                |    81.6 |    60.71 |   74.28 |   84.37 |                   
  core.ts                  |     100 |        0 |     100 |     100 | 8                 
  features.ts              |   71.42 |    57.14 |   72.72 |   64.28 | 23-31,41-47       
  middleware.ts            |     100 |      100 |     100 |     100 |                   
  params.ts                |     100 |      100 |     100 |     100 |                   
  verbs.ts                 |   68.42 |    41.66 |   45.45 |     100 | 10-13             
 di                        |      90 |      100 |      75 |      90 |                   
  container.ts             |      90 |      100 |      75 |      90 | 30                
 http                      |   95.77 |    95.83 |    92.3 |   95.52 |                   
  cors.ts                  |      95 |    94.44 |     100 |   94.73 | 49                
  request-utils.ts         |      95 |      100 |    87.5 |   94.59 | 44,73             
  response.ts              |     100 |      100 |     100 |     100 |                   
 middlewares               |   94.44 |    85.71 |     100 |   94.44 |                   
  helmet.middleware.ts     |     100 |      100 |     100 |     100 |                   
  logger.middleware.ts     |     100 |      100 |     100 |     100 |                   
  rate-limit.middleware.ts |   90.47 |    85.71 |     100 |   90.47 | 22-23             
 router                    |     100 |      100 |     100 |     100 |                   
  path-matcher.ts          |     100 |      100 |     100 |     100 |                   
---------------------------|---------|----------|---------|---------|-------------------

Test Suites: 15 passed, 15 total
Tests:       61 passed, 61 total
Snapshots:   0 total
Time:        7.271 s
Ran all test suites.
